chat run1: wall=8.0s chars=0
chat run2: wall=7.9s chars=0
chat run3: wall=7.8s chars=0
code run1: wall=7.9s chars=0
code run2: wall=8.0s chars=0
code run3: wall=7.8s chars=0
reason run1: wall=7.9s chars=0
reason run2: wall=8.0s chars=0
reason run3: wall=7.8s chars=0
ar-fresh-10684 done
chat run1: wall=4.2s chars=0
chat run2: wall=4.1s chars=0
chat run3: wall=4.0s chars=0
code run1: wall=4.3s chars=0
code run2: wall=4.4s chars=0
code run3: wall=4.2s chars=0
reason run1: wall=4.5s chars=0
reason run2: wall=4.6s chars=0
reason run3: wall=4.4s chars=0
mtp3-fresh-10684 done
